// Jest Snapshot v1, https://goo.gl/fbAQLP

exports[`SupplierCommentary should render the SupplierCommentary component properly 1`] = `
<Fragment>
  <div>
    <WithStyles(ForwardRef(Typography))
      align="left"
      gutterBottom={true}
      paragraph={true}
    >
      Commentary
    </WithStyles(ForwardRef(Typography))>
  </div>
  <WithStyles(ForwardRef(Grid))
    container={true}
    spacing={3}
  >
    <WithStyles(ForwardRef(Grid))
      item={true}
      xs={12}
    />
  </WithStyles(ForwardRef(Grid))>
</Fragment>
`;
