// Jest Snapshot v1, https://goo.gl/fbAQLP

exports[`SupplierDescription should render the SupplierDescription component properly 1`] = `
<Fragment>
  <WithStyles(ForwardRef(Grid))
    container={true}
    spacing={3}
  >
    <WithStyles(ForwardRef(Grid))
      container={true}
      item={true}
      xs={12}
    >
      <WithStyles(ForwardRef(Grid))
        container={true}
        item={true}
        spacing={3}
        xs={8}
      >
        <WithStyles(ForwardRef(Grid))
          item={true}
          xs={12}
        >
          <div
            style={
              Object {
                "marginBottom": "30px",
                "marginTop": "15px",
              }
            }
          />
          <div>
            <div>
              <span>
                Address
              </span>
            </div>
            <div
              style={
                Object {
                  "marginTop": "5px",
                }
              }
            >
              <span>
                Undefined,
              </span>
            </div>
            <div>
              <span>
                Janbleck 20,
              </span>
            </div>
            <div>
              <span>
                Undefined
              </span>
            </div>
            <div>
              <span>
                Kampala, 
              </span>
              <span>
                Uganda
              </span>
            </div>
          </div>
        </WithStyles(ForwardRef(Grid))>
      </WithStyles(ForwardRef(Grid))>
      <WithStyles(ForwardRef(Grid))
        item={true}
        xs={4}
      >
        <WithStyles(ForwardRef(Card))
          elevation={0}
        >
          <WithStyles(ForwardRef(CardMedia))
            title="Supplier Image"
          />
        </WithStyles(ForwardRef(Card))>
      </WithStyles(ForwardRef(Grid))>
    </WithStyles(ForwardRef(Grid))>
  </WithStyles(ForwardRef(Grid))>
  <WithStyles(ForwardRef(Grid))
    container={true}
    spacing={3}
  >
    <WithStyles(ForwardRef(Grid))
      container={true}
      item={true}
      xs={4}
    >
      <div />
    </WithStyles(ForwardRef(Grid))>
    <WithStyles(ForwardRef(Grid))
      container={true}
      item={true}
      xs={4}
    >
      <div />
    </WithStyles(ForwardRef(Grid))>
    <WithStyles(ForwardRef(Grid))
      container={true}
      item={true}
      xs={4}
    />
  </WithStyles(ForwardRef(Grid))>
</Fragment>
`;
